------------------------------------------------------------
Timing Analyzer Summary
------------------------------------------------------------

Type  : Slow 1200mV 85C Model Setup 'take_order'
Slack : -2.427
TNS   : -21.552

Type  : Slow 1200mV 85C Model Setup 'OpenerMinusBTN'
Slack : -2.013
TNS   : -5.854

Type  : Slow 1200mV 85C Model Setup 'DoorMinusBTN'
Slack : -1.046
TNS   : -3.034

Type  : Slow 1200mV 85C Model Setup 'OpenerPlusBTN'
Slack : -0.353
TNS   : -0.942

Type  : Slow 1200mV 85C Model Setup 'CLK1'
Slack : -0.312
TNS   : -5.024

Type  : Slow 1200mV 85C Model Setup 'RandomGame_BTN'
Slack : -0.091
TNS   : -0.181

Type  : Slow 1200mV 85C Model Hold 'CLK1'
Slack : 0.022
TNS   : 0.000

Type  : Slow 1200mV 85C Model Hold 'OpenerMinusBTN'
Slack : 0.317
TNS   : 0.000

Type  : Slow 1200mV 85C Model Hold 'DoorMinusBTN'
Slack : 0.355
TNS   : 0.000

Type  : Slow 1200mV 85C Model Hold 'RandomGame_BTN'
Slack : 0.458
TNS   : 0.000

Type  : Slow 1200mV 85C Model Hold 'OpenerPlusBTN'
Slack : 0.657
TNS   : 0.000

Type  : Slow 1200mV 85C Model Hold 'take_order'
Slack : 2.109
TNS   : 0.000

Type  : Slow 1200mV 85C Model Recovery 'CLK1'
Slack : -3.603
TNS   : -95.655

Type  : Slow 1200mV 85C Model Recovery 'take_order'
Slack : -1.333
TNS   : -13.501

Type  : Slow 1200mV 85C Model Recovery 'OpenerMinusBTN'
Slack : 2.205
TNS   : 0.000

Type  : Slow 1200mV 85C Model Removal 'CLK1'
Slack : -2.957
TNS   : -29.455

Type  : Slow 1200mV 85C Model Removal 'OpenerMinusBTN'
Slack : -2.066
TNS   : -8.264

Type  : Slow 1200mV 85C Model Removal 'take_order'
Slack : 1.288
TNS   : 0.000

Type  : Slow 1200mV 85C Model Minimum Pulse Width 'CLK1'
Slack : -3.000
TNS   : -57.000

Type  : Slow 1200mV 85C Model Minimum Pulse Width 'OpenerMinusBTN'
Slack : -3.000
TNS   : -14.000

Type  : Slow 1200mV 85C Model Minimum Pulse Width 'take_order'
Slack : -3.000
TNS   : -14.000

Type  : Slow 1200mV 85C Model Minimum Pulse Width 'DoorMinusBTN'
Slack : -3.000
TNS   : -7.000

Type  : Slow 1200mV 85C Model Minimum Pulse Width 'OpenerPlusBTN'
Slack : -3.000
TNS   : -7.000

Type  : Slow 1200mV 85C Model Minimum Pulse Width 'RandomGame_BTN'
Slack : -3.000
TNS   : -5.000

Type  : Slow 1200mV 0C Model Setup 'take_order'
Slack : -2.134
TNS   : -18.659

Type  : Slow 1200mV 0C Model Setup 'OpenerMinusBTN'
Slack : -1.726
TNS   : -4.839

Type  : Slow 1200mV 0C Model Setup 'DoorMinusBTN'
Slack : -0.829
TNS   : -2.465

Type  : Slow 1200mV 0C Model Setup 'OpenerPlusBTN'
Slack : -0.212
TNS   : -0.400

Type  : Slow 1200mV 0C Model Setup 'CLK1'
Slack : -0.138
TNS   : -1.629

Type  : Slow 1200mV 0C Model Setup 'RandomGame_BTN'
Slack : 0.035
TNS   : 0.000

Type  : Slow 1200mV 0C Model Hold 'CLK1'
Slack : 0.069
TNS   : 0.000

Type  : Slow 1200mV 0C Model Hold 'OpenerMinusBTN'
Slack : 0.260
TNS   : 0.000

Type  : Slow 1200mV 0C Model Hold 'DoorMinusBTN'
Slack : 0.309
TNS   : 0.000

Type  : Slow 1200mV 0C Model Hold 'RandomGame_BTN'
Slack : 0.408
TNS   : 0.000

Type  : Slow 1200mV 0C Model Hold 'OpenerPlusBTN'
Slack : 0.598
TNS   : 0.000

Type  : Slow 1200mV 0C Model Hold 'take_order'
Slack : 1.926
TNS   : 0.000

Type  : Slow 1200mV 0C Model Recovery 'CLK1'
Slack : -3.159
TNS   : -82.955

Type  : Slow 1200mV 0C Model Recovery 'take_order'
Slack : -1.093
TNS   : -10.959

Type  : Slow 1200mV 0C Model Recovery 'OpenerMinusBTN'
Slack : 2.050
TNS   : 0.000

Type  : Slow 1200mV 0C Model Removal 'CLK1'
Slack : -2.707
TNS   : -26.811

Type  : Slow 1200mV 0C Model Removal 'OpenerMinusBTN'
Slack : -1.873
TNS   : -7.492

Type  : Slow 1200mV 0C Model Removal 'take_order'
Slack : 1.160
TNS   : 0.000

Type  : Slow 1200mV 0C Model Minimum Pulse Width 'CLK1'
Slack : -3.000
TNS   : -57.000

Type  : Slow 1200mV 0C Model Minimum Pulse Width 'OpenerMinusBTN'
Slack : -3.000
TNS   : -14.000

Type  : Slow 1200mV 0C Model Minimum Pulse Width 'take_order'
Slack : -3.000
TNS   : -14.000

Type  : Slow 1200mV 0C Model Minimum Pulse Width 'DoorMinusBTN'
Slack : -3.000
TNS   : -7.000

Type  : Slow 1200mV 0C Model Minimum Pulse Width 'OpenerPlusBTN'
Slack : -3.000
TNS   : -7.000

Type  : Slow 1200mV 0C Model Minimum Pulse Width 'RandomGame_BTN'
Slack : -3.000
TNS   : -5.000

Type  : Fast 1200mV 0C Model Setup 'take_order'
Slack : -1.451
TNS   : -9.230

Type  : Fast 1200mV 0C Model Setup 'OpenerMinusBTN'
Slack : -0.700
TNS   : -1.882

Type  : Fast 1200mV 0C Model Setup 'DoorMinusBTN'
Slack : -0.162
TNS   : -0.349

Type  : Fast 1200mV 0C Model Setup 'CLK1'
Slack : 0.175
TNS   : 0.000

Type  : Fast 1200mV 0C Model Setup 'OpenerPlusBTN'
Slack : 0.238
TNS   : 0.000

Type  : Fast 1200mV 0C Model Setup 'RandomGame_BTN'
Slack : 0.390
TNS   : 0.000

Type  : Fast 1200mV 0C Model Hold 'CLK1'
Slack : -0.080
TNS   : -0.372

Type  : Fast 1200mV 0C Model Hold 'OpenerMinusBTN'
Slack : 0.089
TNS   : 0.000

Type  : Fast 1200mV 0C Model Hold 'DoorMinusBTN'
Slack : 0.185
TNS   : 0.000

Type  : Fast 1200mV 0C Model Hold 'RandomGame_BTN'
Slack : 0.210
TNS   : 0.000

Type  : Fast 1200mV 0C Model Hold 'OpenerPlusBTN'
Slack : 0.308
TNS   : 0.000

Type  : Fast 1200mV 0C Model Hold 'take_order'
Slack : 1.115
TNS   : 0.000

Type  : Fast 1200mV 0C Model Recovery 'CLK1'
Slack : -1.707
TNS   : -40.224

Type  : Fast 1200mV 0C Model Recovery 'take_order'
Slack : -0.368
TNS   : -3.250

Type  : Fast 1200mV 0C Model Recovery 'OpenerMinusBTN'
Slack : 1.722
TNS   : 0.000

Type  : Fast 1200mV 0C Model Removal 'CLK1'
Slack : -1.724
TNS   : -17.475

Type  : Fast 1200mV 0C Model Removal 'OpenerMinusBTN'
Slack : -1.194
TNS   : -4.776

Type  : Fast 1200mV 0C Model Removal 'take_order'
Slack : 0.703
TNS   : 0.000

Type  : Fast 1200mV 0C Model Minimum Pulse Width 'CLK1'
Slack : -3.000
TNS   : -57.708

Type  : Fast 1200mV 0C Model Minimum Pulse Width 'OpenerMinusBTN'
Slack : -3.000
TNS   : -15.207

Type  : Fast 1200mV 0C Model Minimum Pulse Width 'take_order'
Slack : -3.000
TNS   : -14.290

Type  : Fast 1200mV 0C Model Minimum Pulse Width 'DoorMinusBTN'
Slack : -3.000
TNS   : -7.408

Type  : Fast 1200mV 0C Model Minimum Pulse Width 'OpenerPlusBTN'
Slack : -3.000
TNS   : -7.104

Type  : Fast 1200mV 0C Model Minimum Pulse Width 'RandomGame_BTN'
Slack : -3.000
TNS   : -5.047

------------------------------------------------------------
