------------------------------------------------------------
Timing Analyzer Summary
------------------------------------------------------------

Type  : Slow 1200mV 85C Model Setup 'OpenerSendBTN'
Slack : -2.294
TNS   : -19.862

Type  : Slow 1200mV 85C Model Setup 'OpenerMinusBTN'
Slack : -1.950
TNS   : -5.632

Type  : Slow 1200mV 85C Model Setup 'DoorMinusBTN'
Slack : -1.231
TNS   : -3.553

Type  : Slow 1200mV 85C Model Setup 'CLK1'
Slack : -0.503
TNS   : -9.360

Type  : Slow 1200mV 85C Model Setup 'RandomGame_BTN'
Slack : -0.091
TNS   : -0.181

Type  : Slow 1200mV 85C Model Hold 'CLK1'
Slack : 0.041
TNS   : 0.000

Type  : Slow 1200mV 85C Model Hold 'OpenerMinusBTN'
Slack : 0.101
TNS   : 0.000

Type  : Slow 1200mV 85C Model Hold 'DoorMinusBTN'
Slack : 0.110
TNS   : 0.000

Type  : Slow 1200mV 85C Model Hold 'RandomGame_BTN'
Slack : 0.457
TNS   : 0.000

Type  : Slow 1200mV 85C Model Hold 'OpenerSendBTN'
Slack : 1.947
TNS   : 0.000

Type  : Slow 1200mV 85C Model Recovery 'CLK1'
Slack : -3.116
TNS   : -87.339

Type  : Slow 1200mV 85C Model Recovery 'OpenerMinusBTN'
Slack : 2.069
TNS   : 0.000

Type  : Slow 1200mV 85C Model Removal 'OpenerMinusBTN'
Slack : -1.927
TNS   : -7.708

Type  : Slow 1200mV 85C Model Removal 'CLK1'
Slack : 0.561
TNS   : 0.000

Type  : Slow 1200mV 85C Model Minimum Pulse Width 'CLK1'
Slack : -3.000
TNS   : -57.000

Type  : Slow 1200mV 85C Model Minimum Pulse Width 'OpenerMinusBTN'
Slack : -3.000
TNS   : -14.004

Type  : Slow 1200mV 85C Model Minimum Pulse Width 'OpenerSendBTN'
Slack : -3.000
TNS   : -14.000

Type  : Slow 1200mV 85C Model Minimum Pulse Width 'DoorMinusBTN'
Slack : -3.000
TNS   : -7.000

Type  : Slow 1200mV 85C Model Minimum Pulse Width 'RandomGame_BTN'
Slack : -3.000
TNS   : -5.000

Type  : Slow 1200mV 0C Model Setup 'OpenerSendBTN'
Slack : -2.010
TNS   : -17.071

Type  : Slow 1200mV 0C Model Setup 'OpenerMinusBTN'
Slack : -1.682
TNS   : -4.690

Type  : Slow 1200mV 0C Model Setup 'DoorMinusBTN'
Slack : -1.024
TNS   : -2.943

Type  : Slow 1200mV 0C Model Setup 'CLK1'
Slack : -0.323
TNS   : -5.086

Type  : Slow 1200mV 0C Model Setup 'RandomGame_BTN'
Slack : 0.036
TNS   : 0.000

Type  : Slow 1200mV 0C Model Hold 'DoorMinusBTN'
Slack : 0.005
TNS   : 0.000

Type  : Slow 1200mV 0C Model Hold 'OpenerMinusBTN'
Slack : 0.065
TNS   : 0.000

Type  : Slow 1200mV 0C Model Hold 'CLK1'
Slack : 0.073
TNS   : 0.000

Type  : Slow 1200mV 0C Model Hold 'RandomGame_BTN'
Slack : 0.406
TNS   : 0.000

Type  : Slow 1200mV 0C Model Hold 'OpenerSendBTN'
Slack : 1.774
TNS   : 0.000

Type  : Slow 1200mV 0C Model Recovery 'CLK1'
Slack : -2.705
TNS   : -74.930

Type  : Slow 1200mV 0C Model Recovery 'OpenerMinusBTN'
Slack : 1.924
TNS   : 0.000

Type  : Slow 1200mV 0C Model Removal 'OpenerMinusBTN'
Slack : -1.745
TNS   : -6.980

Type  : Slow 1200mV 0C Model Removal 'CLK1'
Slack : 0.514
TNS   : 0.000

Type  : Slow 1200mV 0C Model Minimum Pulse Width 'CLK1'
Slack : -3.000
TNS   : -57.000

Type  : Slow 1200mV 0C Model Minimum Pulse Width 'OpenerMinusBTN'
Slack : -3.000
TNS   : -14.000

Type  : Slow 1200mV 0C Model Minimum Pulse Width 'OpenerSendBTN'
Slack : -3.000
TNS   : -14.000

Type  : Slow 1200mV 0C Model Minimum Pulse Width 'DoorMinusBTN'
Slack : -3.000
TNS   : -7.000

Type  : Slow 1200mV 0C Model Minimum Pulse Width 'RandomGame_BTN'
Slack : -3.000
TNS   : -5.000

Type  : Fast 1200mV 0C Model Setup 'OpenerSendBTN'
Slack : -1.386
TNS   : -8.406

Type  : Fast 1200mV 0C Model Setup 'OpenerMinusBTN'
Slack : -0.655
TNS   : -1.827

Type  : Fast 1200mV 0C Model Setup 'DoorMinusBTN'
Slack : -0.279
TNS   : -0.776

Type  : Fast 1200mV 0C Model Setup 'CLK1'
Slack : 0.102
TNS   : 0.000

Type  : Fast 1200mV 0C Model Setup 'RandomGame_BTN'
Slack : 0.392
TNS   : 0.000

Type  : Fast 1200mV 0C Model Hold 'CLK1'
Slack : -0.095
TNS   : -0.371

Type  : Fast 1200mV 0C Model Hold 'OpenerMinusBTN'
Slack : -0.054
TNS   : -0.131

Type  : Fast 1200mV 0C Model Hold 'DoorMinusBTN'
Slack : -0.033
TNS   : -0.033

Type  : Fast 1200mV 0C Model Hold 'RandomGame_BTN'
Slack : 0.209
TNS   : 0.000

Type  : Fast 1200mV 0C Model Hold 'OpenerSendBTN'
Slack : 1.034
TNS   : 0.000

Type  : Fast 1200mV 0C Model Recovery 'CLK1'
Slack : -1.441
TNS   : -36.089

Type  : Fast 1200mV 0C Model Recovery 'OpenerMinusBTN'
Slack : 1.658
TNS   : 0.000

Type  : Fast 1200mV 0C Model Removal 'OpenerMinusBTN'
Slack : -1.129
TNS   : -4.516

Type  : Fast 1200mV 0C Model Removal 'CLK1'
Slack : 0.209
TNS   : 0.000

Type  : Fast 1200mV 0C Model Minimum Pulse Width 'CLK1'
Slack : -3.000
TNS   : -57.651

Type  : Fast 1200mV 0C Model Minimum Pulse Width 'OpenerMinusBTN'
Slack : -3.000
TNS   : -15.388

Type  : Fast 1200mV 0C Model Minimum Pulse Width 'OpenerSendBTN'
Slack : -3.000
TNS   : -14.269

Type  : Fast 1200mV 0C Model Minimum Pulse Width 'DoorMinusBTN'
Slack : -3.000
TNS   : -7.512

Type  : Fast 1200mV 0C Model Minimum Pulse Width 'RandomGame_BTN'
Slack : -3.000
TNS   : -5.052

------------------------------------------------------------
